node.exe : FAIL utils/__tests__/pantry.test.ts
At C:\Users\jmbur\AppData\Local\fnm_multishells\12792_17
69215581966\npx.ps1:29 char:3
+   & $NODE_EXE $NPX_CLI_JS $args
+   ~~~~~~~~~~~~~~~~~~~~~~~~~~~~~
    + CategoryInfo          : NotSpecified: (FAIL utils 
   /__tests__/pantry.test.ts:String) [], RemoteExcepti  
  on
    + FullyQualifiedErrorId : NativeCommandError
 
  getItemHealth
    ΓêÜ returns unknown if no date provided (3 ms)
    ΓêÜ returns expired for past dates (1 ms)
    ΓêÜ returns critical for today (1 ms)
    ΓêÜ returns critical for tomorrow
    ├ù returns warning for 3 days left (3 ms)
    ├ù returns good for 7 days left (1 ms)

  ΓùÅ getItemHealth ΓÇ║ returns warning for 3 days left

    expect(received).toBe(expected) // Object.is 
equality

    Expected: "3 days left"
    Received: "2 days left"

    [0m [90m 38 |[39m         [36mconst[39m result 
[33m=[39m getItemHealth(threeDays)[33m;[39m
     [90m 39 |[39m         expect(result[33m.[39msta
tus)[33m.[39mtoBe([32m'warning'[39m)[33m;[39m
    [31m[1m>[22m[39m[90m 40 |[39m         
expect(result[33m.[39mlabel)[33m.[39mtoBe([32m'3 
days left'[39m)[33m;[39m
     [90m    |[39m                              
[31m[1m^[22m[39m
     [90m 41 |[39m         expect(result[33m.[39mcol
or)[33m.[39mtoBe([32m'#f59e0b'[39m)[33m;[39m
     [90m 42 |[39m     })[33m;[39m
     [90m 43 |[39m[0m

      at Object.toBe 
(utils/__tests__/pantry.test.ts:40:30)

  ΓùÅ getItemHealth ΓÇ║ returns good for 7 days left

    expect(received).toBe(expected) // Object.is 
equality

    Expected: "7 days left"
    Received: "6 days left"

    [0m [90m 46 |[39m         [36mconst[39m result 
[33m=[39m getItemHealth(sevenDays)[33m;[39m
     [90m 47 |[39m         expect(result[33m.[39msta
tus)[33m.[39mtoBe([32m'good'[39m)[33m;[39m
    [31m[1m>[22m[39m[90m 48 |[39m         
expect(result[33m.[39mlabel)[33m.[39mtoBe([32m'7 
days left'[39m)[33m;[39m
     [90m    |[39m                              
[31m[1m^[22m[39m
     [90m 49 |[39m         expect(result[33m.[39mcol
or)[33m.[39mtoBe([32m'#22c55e'[39m)[33m;[39m
     [90m 50 |[39m     })[33m;[39m
     [90m 51 |[39m })[33m;[39m[0m

      at Object.toBe 
(utils/__tests__/pantry.test.ts:48:30)

Test Suites: 1 failed, 1 total
Tests:       2 failed, 4 passed, 6 total
Snapshots:   0 total
Time:        0.582 s, estimated 1 s
Ran all test suites matching 
/utils\\__tests__\\pantry.test.ts/i.
